2025-06-21 08:10:13 [INFO] __main__ /Users/liupeng/Documents/career/career/python/log_print/main.py <module> 49: 服务已启动
2025-06-21 08:10:13 [DEBUG] __main__ /Users/liupeng/Documents/career/career/python/log_print/main.py <module> 50: 调试信息
2025-06-21 08:10:13 [ERROR] __main__ /Users/liupeng/Documents/career/career/python/log_print/main.py <module> 54: 出现异常：
Traceback (most recent call last):
  File "/Users/liupeng/Documents/career/career/python/log_print/main.py", line 52, in <module>
    x = 1 / 0
ZeroDivisionError: division by zero
2025-06-21 08:11:12 [INFO] __main__ /Users/liupeng/Documents/career/career/python/log_print/main.py <module> 50: 服务已启动
2025-06-21 08:11:12 [DEBUG] __main__ /Users/liupeng/Documents/career/career/python/log_print/main.py <module> 51: 调试信息
2025-06-21 08:11:12 [ERROR] __main__ /Users/liupeng/Documents/career/career/python/log_print/main.py <module> 55: 出现异常：
Traceback (most recent call last):
  File "/Users/liupeng/Documents/career/career/python/log_print/main.py", line 53, in <module>
    x = 1 / 0
ZeroDivisionError: division by zero
2025-06-21 08:12:22 [INFO] __main__ /Users/liupeng/Documents/career/career/python/log_print/main.py <module> 55: 服务已启动
2025-06-21 08:12:22 [DEBUG] __main__ /Users/liupeng/Documents/career/career/python/log_print/main.py <module> 56: 调试信息
2025-06-21 08:12:22 [ERROR] __main__ /Users/liupeng/Documents/career/career/python/log_print/main.py division 51: 出现异常：
Traceback (most recent call last):
  File "/Users/liupeng/Documents/career/career/python/log_print/main.py", line 49, in division
    x = 1 / 0
ZeroDivisionError: division by zero
2025-06-21 10:18:58 [INFO] __main__ /Users/liupeng/Documents/career/career/python/log_print/main.py <module> L55: 服务已启动
2025-06-21 10:18:58 [DEBUG] __main__ /Users/liupeng/Documents/career/career/python/log_print/main.py <module> L56: 调试信息
2025-06-21 10:18:58 [ERROR] __main__ /Users/liupeng/Documents/career/career/python/log_print/main.py division L51: 出现异常：
Traceback (most recent call last):
  File "/Users/liupeng/Documents/career/career/python/log_print/main.py", line 49, in division
    x = 1 / 0
ZeroDivisionError: division by zero
2025-06-21 10:20:49 [INFO] /Users/liupeng/Documents/career/career/python/log_print/main.py [<module>] L55: 服务已启动
2025-06-21 10:20:49 [DEBUG] /Users/liupeng/Documents/career/career/python/log_print/main.py [<module>] L56: 调试信息
2025-06-21 10:20:49 [ERROR] /Users/liupeng/Documents/career/career/python/log_print/main.py [division] L51: 出现异常：
Traceback (most recent call last):
  File "/Users/liupeng/Documents/career/career/python/log_print/main.py", line 49, in division
    x = 1 / 0
ZeroDivisionError: division by zero
2025-06-21 10:22:15 [INFO] /Users/liupeng/Documents/career/career/python/log_print/main.py [<module>] line 55: 服务已启动
2025-06-21 10:22:15 [DEBUG] /Users/liupeng/Documents/career/career/python/log_print/main.py [<module>] line 56: 调试信息
2025-06-21 10:22:15 [ERROR] /Users/liupeng/Documents/career/career/python/log_print/main.py [division] line 51: 出现异常：
Traceback (most recent call last):
  File "/Users/liupeng/Documents/career/career/python/log_print/main.py", line 49, in division
    x = 1 / 0
ZeroDivisionError: division by zero
2025-06-21 10:23:44 [INFO] /Users/liupeng/Documents/career/career/python/log_print/main.py line 55 in [<module>]: 服务已启动
2025-06-21 10:23:44 [DEBUG] /Users/liupeng/Documents/career/career/python/log_print/main.py line 56 in [<module>]: 调试信息
2025-06-21 10:23:44 [ERROR] /Users/liupeng/Documents/career/career/python/log_print/main.py line 51 in [division]: 出现异常：
Traceback (most recent call last):
  File "/Users/liupeng/Documents/career/career/python/log_print/main.py", line 49, in division
    x = 1 / 0
ZeroDivisionError: division by zero
2025-06-21 10:25:20 [INFO] /Users/liupeng/Documents/career/career/python/log_print/main.py line 49 in [division]: division function start
2025-06-21 10:25:20 [DEBUG] /Users/liupeng/Documents/career/career/python/log_print/main.py line 50 in [division]: 调试信息
2025-06-21 10:25:20 [ERROR] /Users/liupeng/Documents/career/career/python/log_print/main.py line 53 in [division]: 出现异常：
Traceback (most recent call last):
  File "/Users/liupeng/Documents/career/career/python/log_print/main.py", line 51, in division
    x = 1 / 0
ZeroDivisionError: division by zero
2025-06-21 10:25:22 [INFO] /Users/liupeng/Documents/career/career/python/log_print/main.py line 49 in [division]: division function start
2025-06-21 10:25:22 [DEBUG] /Users/liupeng/Documents/career/career/python/log_print/main.py line 50 in [division]: 调试信息
2025-06-21 10:25:22 [ERROR] /Users/liupeng/Documents/career/career/python/log_print/main.py line 53 in [division]: 出现异常：
Traceback (most recent call last):
  File "/Users/liupeng/Documents/career/career/python/log_print/main.py", line 51, in division
    x = 1 / 0
ZeroDivisionError: division by zero
2025-06-21 10:30:01 [INFO] /Users/liupeng/Documents/career/career/python/log_print/main.py line 49 in [division]: division function start
2025-06-21 10:30:01 [DEBUG] /Users/liupeng/Documents/career/career/python/log_print/main.py line 50 in [division]: 调试信息
2025-06-21 10:30:01 [ERROR] /Users/liupeng/Documents/career/career/python/log_print/main.py line 53 in [division]: 出现异常：
Traceback (most recent call last):
  File "/Users/liupeng/Documents/career/career/python/log_print/main.py", line 51, in division
    x = 1 / 0
ZeroDivisionError: division by zero
2025-06-21 10:55:32 [INFO] /Users/liupeng/Documents/career/career/python/log_print/main.py line 49 in [division]: division func start
2025-06-21 10:55:32 [DEBUG] /Users/liupeng/Documents/career/career/python/log_print/main.py line 50 in [division]: 调试信息
2025-06-21 10:55:32 [ERROR] /Users/liupeng/Documents/career/career/python/log_print/main.py line 53 in [division]: 出现异常：
Traceback (most recent call last):
  File "/Users/liupeng/Documents/career/career/python/log_print/main.py", line 51, in division
    x = 1 / 0
ZeroDivisionError: division by zero
2025-06-21 10:55:36 [INFO] /Users/liupeng/Documents/career/career/python/log_print/main.py line 49 in [division]: division func start
2025-06-21 10:55:36 [DEBUG] /Users/liupeng/Documents/career/career/python/log_print/main.py line 50 in [division]: 调试信息
2025-06-21 10:55:36 [ERROR] /Users/liupeng/Documents/career/career/python/log_print/main.py line 53 in [division]: 出现异常：
Traceback (most recent call last):
  File "/Users/liupeng/Documents/career/career/python/log_print/main.py", line 51, in division
    x = 1 / 0
ZeroDivisionError: division by zero
2025-06-21 10:58:30 [INFO] /Users/liupeng/Documents/career/career/python/log_print/main.py line 50 in [division]: division func start
2025-06-21 10:58:30 [DEBUG] /Users/liupeng/Documents/career/career/python/log_print/main.py line 51 in [division]: 调试信息
2025-06-21 10:58:30 [ERROR] /Users/liupeng/Documents/career/career/python/log_print/main.py line 54 in [division]: 出现异常：
Traceback (most recent call last):
  File "/Users/liupeng/Documents/career/career/python/log_print/main.py", line 52, in division
    x = 1 / 0
ZeroDivisionError: division by zero
